时光穿梭

1、版本回退

$ git reset --hard HEAD~X
或者：git reset --hard 版本号前4位






3、管理修改
Git管理的是修改，而不是文件

——————    —    —    —    —    —    —
|     版本库     |                                             |
——————    —    —    —    —    —    —
.            |                                        |
.    git diff --cached                git diff head
.    git diff --staged                         |
.            |                                        |
——————    —    —    —    —    —    —
|     暂存区     |                                            |
——————                                             |
.            |                                                     |
.        git diff                                                |
.            |                                                     |
——————                                             |
|     工作区     |                                            |
——————    —    —    —    —    —    —

git diff --cached 比较的是暂存区的文件与仓库分支里（上次git commit 后的内容）的区别。
git diff HEAD -- 命令可以查看工作区和版本库里面最新版本的区别。


4、撤销修改

$ git checkout -- readme.txt

让这个文件回到最近一次git commit或git add时的状态。

一种是readme.txt自修改后还没有被放到暂存区，现在，撤销修改就回到和版本库一模一样的状态；

一种是readme.txt已经添加到暂存区后，又作了修改，现在，撤销修改就回到添加到暂存区后的状态。

总结1：

场景1：当你改乱了工作区某个文件的内容，想直接丢弃工作区的修改时，用命令git checkout -- file。

$ git checkout -- readme.txt

场景2：当你不但改乱了工作区某个文件的内容，还添加到了暂存区时，想丢弃修改，分两步，第一步用命令git reset HEAD <file>，就回到了场景1，第二步按场景1操作。

$ git reset HEAD readme.txt
先回到工作区
$ git checkout -- readme.txt
再撤回修改

场景3：已经提交了不合适的修改到版本库时，想要撤销本次提交，参考版本回退一节，不过前提是没有推送到远程库。

$ git reset --hard HEAD~X


总结2：

1.文件操作和对应的区变化
文件 | 文件修改后 | add  | add后   | commit（提交） | commit后
        |  工作区       |          | 暂存区 |                            |当前分支（head）
2.
add 之前的状态还原 git checkout -- [文件名]
add 之后的文件还原 git reset --hard HEAD 再git checkout -- [文件名]
commit 之后的文 件还原 git reset --hard HEAD^或 git reset --hard [版本号]
3.
正常操作是先git status 通过git状态选择对应的回退操作
实际工作中没这么细致, 有时是技术不到家，有时是想保留备份，通常都会先提交保留一个版本，然后选择是否回退,虽然很少会回到未来~
4.
像我自己写教程也会有这样的问题，新手卡死的点，老手完全注意不到
所以廖的这个教程被好多人推荐，懂得人觉得他讲的很细致,点都讲到了,新手看的时候一头雾水
我就是实例,看了n多次


5、删除文件

$ rm test.txt

直接删除文件

一是确实要从版本库中删除该文件，那就用命令git rm删掉，并且git commit：
$ git rm test.txt
$ git commit -m "remove test.txt"

另一种情况是删错了，恢复方法如下

$ git checkout -- test.txt

git checkout其实是用版本库里的版本替换工作区的版本，无论工作区是修改还是删除，都可以“一键还原”。



总结：

当你要删除文件的时候，可以采用命令：rm test.txt

这个时候有两种情况

第一种情况:的确要把test.txt删掉，那么可以执行
                   git rm test.txt
                   git commit -m "remove test.txt"
                   文件被删除，且删除记录上传本地库

第二种情况:误删文件，想恢复，这时候还没有commit -m "remove test.txt"，执行git checkout test.txt将文件恢复。

如果执行完git commit -m "remove test.txt"后就不能用checkout恢复了，得用git reset --hard HEAD^


远程仓库

首先要创建SSHkey

$  ssh-keygen -t rsa -C "bugfost@gmail.com"
Generating public/private rsa key pair.
Enter file in which to save the key (/c/Users/bugsoft/.ssh/id_rsa): /c/Users/bugsoft/telnet/id_rsa

这里可以自己选择存放SSH密钥的位置

然后要登陆github账户，进入账户设置
用记事本打开id_ras.pub将内容添加至新的sshkey中

添加远程仓库
有仓库就可以直接使用，没有要去网站建立一个仓库
(填写名字确认就可以了)

下面就是本地连接远程仓库了，做映射
git remote add origin git@github.com:bugfost(账户名)/liantong.git(新建的仓库或者自己已有的仓库均可)

最后推送自己的本地内容到远程仓库
$ git push -u origin master
$ git push origin master（后续版本）


cd~(进入用户主目录)
cd .ssh(进入.ssh目录)
ls(列出.ssh目录的文件，可以看到id_rsa  id_rsa.pub两个文件)
cat ~/.ssh/id_rsa.pub(可以看到id_rsa.pub文件的内容，复制即可)

git remote －v 查看远程origin 
git remote rm origin 删除远程origin 


总结：

要关联一个远程库，使用命令git remote add origin git@server-name:path/repo-name.git；

关联后，使用命令git push -u origin master第一次推送master分支的所有内容；

此后，每次本地提交后，只要有必要，就可以使用命令git push origin master推送最新修改

从远程库克隆

用命令git clone克隆一个本地库：
git clone git@github.com:bugfost/仓库名.git

总结：

要克隆一个仓库，首先必须知道仓库的地址，然后使用git clone命令克隆。

Git支持多种协议，包括https，但通过ssh支持的原生git协议速度最快。


分支管理：

创建与合并分支

HEAD严格来说不是指向提交，而是指向master，master才是指向提交的，所以，HEAD指向的就是当前分支
指针指向分支，分支指向提交
指针指向哪里分支就在哪里
直接把master指向dev的当前提交，就完成了合并

创建dev分支，然后切换到dev分支
$ git checkout -b dev

git checkout命令加上-b参数表示创建并切换，相当于以下两条命令：

$ git branch dev
$ git checkout dev
Switched to branch 'dev'

我们把dev分支的工作成果合并到master分支上：
$ git merge dev
git merge命令用于合并指定分支到当前分支

删除dev分支
$ git branch -d dev

总结：

Git鼓励大量使用分支：

查看分支：git branch

创建分支：git branch <name>

切换分支：git checkout <name>

创建+切换分支：git checkout -b <name>

合并某分支到当前分支：git merge <name>

删除分支：git branch -d <name>

解决冲突

在分支上修改提交

$ git checkout -b feature1
$ git add readme.txt
$ git commit -m "AND simple"

切换到master上修改再提交

$ git checkout master
$ git add readme.txt 
$ git commit -m "& simple"

合并产生冲突，两个分支第一次提交的内容不一致
存在冲突，无法合并

$ git merge feature1
Auto-merging readme.txt
CONFLICT (content): Merge conflict in readme.txt
Automatic merge failed; fix conflicts and then commit the result.

查看文件冲突的内容
cat readme.txt

Git is a distributed version control system.
Git is free software distributed under the GPL.
Git has a mutable index called stage.
Git tracks changes of files.
<<<<<<< HEAD
Creating a new branch is quick & simple.
=======
Creating a new branch is quick AND simple.
>>>>>>> feature1

再次修改冲突内容，并提交
（修改的内容是自己想要的）

$ git add readme.txt 
$ git commit -m "conflict fixed"

冲突自动解决
第二次提交只有master分支有内容，不存在其他成图

$ git log --graph --pretty=oneline --abbrev-commit

删除分支

$ git branch -d feature1

分支管理策略
禁用fast forward模式，看出分支历史的分支信息

创建分支并提交
$ git checkout -b dev
$ git add readme.txt 
$ git commit -m "add merge"

切回master分支
$ git checkout master

合并分支
不采取ff模式，就需要新建一个commit描述
$ git merge --no-ff -m "merge with no-ff" dev

查看分支历史：
$ git log --graph --pretty=oneline --abbrev-commit


简单地说就是 -no-ff 模式进行了一次新的 git commit 操作。

这也是为什么采用 -no-ff 模式要加入参数 -m 的原因。

总结：

Git分支十分强大，在团队开发中应该充分应用。

合并分支时，加上--no-ff参数就可以用普通模式合并，合并后的历史有分支，能看出来曾经做过合并，而fast forward合并就看不出来曾经做过合并



bug分支

我个人觉得场景是这样的。设A为游戏软件
1、master 上面发布的是A的1.0版本
2、dev 上开发的是A的2.0版本
3、这时，用户反映 1.0版本存在漏洞，有人利用这个漏洞开外挂
4、需要从dev切换到master去填这个漏洞，正常必须先提交dev目前的工作，才能切换。
5、而dev的工作还未完成，不想提交，所以先把dev的工作stash一下。然后切换到master
6、在master建立分支issue101并切换.
7、在issue101上修复漏洞。
8、修复后，在master上合并issue101
9、切回dev，恢复原本工作，继续工作。


在dev分支上保存进度
$ git status
On branch dev

git stash
可以把当前工作现场“储藏”起来，等以后恢复现场后继续工作

切换到master上处理bug
$ git checkout master
$ git checkout -b issue-101

$ git add readme.txt 
$ git commit -m "fix bug 101"

切换到master分支，然后删除bug分支	
$ git checkout master
$ git merge --no-ff -m "merged bug fix 101" issue-101
$ git branch -d issue-101

切换到dev上，查看工作状态
$ git checkout dev
$ git stash list

还原原有工作区，并检查是否恢复
$ git stash pop
$ git stash list

一是用git stash apply恢复，但是恢复后，stash内容并不删除，你需要用git stash drop来删除；

另一种方式是用git stash pop，恢复的同时把stash内容也删了

总结:

修复bug时，我们会通过创建新的bug分支进行修复，然后合并，最后删除；

当手头工作没有完成时，先把工作现场git stash一下，然后去修复bug，修复后，再git stash pop，回到工作现场。



vi使用技巧

vi & vim 有两种工作模式：
（1） 命令模式：接受、执行 vi & vim 操作命令的模式，打开文件后的默认模式；
（2） 编辑模式：对打开的文件内容进行 增、删、改 操作的模式； 在编辑模式下按下 ESC 键，回退到命令模式。
创建、打开文件：$ vi [filename]
（1）使用 vi 加 文件路径（或文件名）的模式打开文件，如果文件存在则打开现有文件，如果文件不存在则新建文件，并在终端最下面一行显示打开的是一个新文件。
（2）键盘输入字母 “i”或“Insert”键进入最常用的插入编辑模式。
保存文件：
（1）在插入编辑模式下编辑文件。
（2）按下 “ESC” 键，退出编辑模式，切换到命令模式。
（3）在命令模式下键入"ZZ"或者":wq"保存修改并且退出 vi 。
（4）如果只想保存文件，则键入":w"，回车后底行会提示写入操作结果，并保持停留在命令模式。
放弃所有文件修改：
（1）放弃所有文件修改：按下 "ESC" 键进入命令模式，键入 ":q!" 回车后放弃修改并退出vi。
（2）放弃所有文件修改，但不退出 vi ，即回退到文件打开后最后一次保存操作的状态，继续进行文件操作：按下 "ESC" 键进入命令模式，键入 ":e!" ，回车后回到命令模式。


feature 分支

新建一个feature分支
$ git checkout -b feature-vulcan

修改并提交
$ git add vulcan.py
$ git commit -m "add feature vulcan"

切换到dev分支
$ git checkout dev

临时强制删除feature但是不合并分支到dev
$ git branch -d feature-vulcan
error: The branch 'feature-vulcan' is not fully merged.
If you are sure you want to delete it, run 'git branch -D feature-vulcan'.


使用——D参数强制删除
$ git branch -D feature-vulcan

总结：
开发一个新feature，最好新建一个分支；

如果要丢弃一个没有被合并过的分支，可以通过git branch -D <name>强行删除。



































